Flow report for lights
Mon May 18 10:55:33 2026
Quartus II 64-Bit Version 13.0.1 Build 232 06/12/2013 Service Pack 1 SJ Web Edition


---------------------
; Table of Contents ;
---------------------
  1. Legal Notice
  2. Flow Summary
  3. Flow Settings
  4. Flow Non-Default Global Settings
  5. Flow Elapsed Time
  6. Flow OS Summary
  7. Flow Log
  8. Flow Messages
  9. Flow Suppressed Messages



----------------
; Legal Notice ;
----------------
Copyright (C) 1991-2013 Altera Corporation
Your use of Altera Corporation's design tools, logic functions 
and other software and tools, and its AMPP partner logic 
functions, and any output files from any of the foregoing 
(including device programming or simulation files), and any 
associated documentation or information are expressly subject 
to the terms and conditions of the Altera Program License 
Subscription Agreement, Altera MegaCore Function License 
Agreement, or other applicable license agreement, including, 
without limitation, that your use is for the sole purpose of 
programming logic devices manufactured by Altera and sold by 
Altera or its authorized distributors.  Please refer to the 
applicable agreement for further details.



+--------------------------------------------------------------------------------------+
; Flow Summary                                                                         ;
+------------------------------------+-------------------------------------------------+
; Flow Status                        ; Successful - Mon May 18 10:55:27 2026           ;
; Quartus II 64-Bit Version          ; 13.0.1 Build 232 06/12/2013 SP 1 SJ Web Edition ;
; Revision Name                      ; lights                                          ;
; Top-level Entity Name              ; lights                                          ;
; Family                             ; Cyclone IV E                                    ;
; Device                             ; EP4CE22F17C6                                    ;
; Timing Models                      ; Final                                           ;
; Total logic elements               ; 2,953 / 22,320 ( 13 % )                         ;
;     Total combinational functions  ; 2,597 / 22,320 ( 12 % )                         ;
;     Dedicated logic registers      ; 1,874 / 22,320 ( 8 % )                          ;
; Total registers                    ; 1943                                            ;
; Total pins                         ; 63 / 154 ( 41 % )                               ;
; Total virtual pins                 ; 0                                               ;
; Total memory bits                  ; 44,032 / 608,256 ( 7 % )                        ;
; Embedded Multiplier 9-bit elements ; 0 / 132 ( 0 % )                                 ;
; Total PLLs                         ; 1 / 4 ( 25 % )                                  ;
+------------------------------------+-------------------------------------------------+


+-----------------------------------------+
; Flow Settings                           ;
+-------------------+---------------------+
; Option            ; Setting             ;
+-------------------+---------------------+
; Start date & time ; 05/18/2026 10:54:18 ;
; Main task         ; Compilation         ;
; Revision Name     ; lights              ;
+-------------------+---------------------+


+-------------------------------------------------------------------------------------------------------------------------+
; Flow Non-Default Global Settings                                                                                        ;
+-------------------------------------+---------------------------------+---------------+--------------------+------------+
; Assignment Name                     ; Value                           ; Default Value ; Entity Name        ; Section Id ;
+-------------------------------------+---------------------------------+---------------+--------------------+------------+
; COMPILER_SIGNATURE_ID               ; 101405350778984.177909445809240 ; --            ; --                 ; --         ;
; MAX_CORE_JUNCTION_TEMP              ; 85                              ; --            ; --                 ; --         ;
; MIN_CORE_JUNCTION_TEMP              ; 0                               ; --            ; --                 ; --         ;
; PARTITION_COLOR                     ; 16764057                        ; --            ; DE0_NANO_SMART_CAR ; Top        ;
; PARTITION_COLOR                     ; 16764057                        ; --            ; --                 ; Top        ;
; PARTITION_FITTER_PRESERVATION_LEVEL ; PLACEMENT_AND_ROUTING           ; --            ; DE0_NANO_SMART_CAR ; Top        ;
; PARTITION_FITTER_PRESERVATION_LEVEL ; PLACEMENT_AND_ROUTING           ; --            ; --                 ; Top        ;
; PARTITION_NETLIST_TYPE              ; SOURCE                          ; --            ; DE0_NANO_SMART_CAR ; Top        ;
; PARTITION_NETLIST_TYPE              ; SOURCE                          ; --            ; --                 ; Top        ;
; PROJECT_OUTPUT_DIRECTORY            ; output_files                    ; --            ; --                 ; --         ;
+-------------------------------------+---------------------------------+---------------+--------------------+------------+


+-------------------------------------------------------------------------------------------------------------------------------+
; Flow Elapsed Time                                                                                                             ;
+---------------------------+--------------+-------------------------+---------------------+------------------------------------+
; Module Name               ; Elapsed Time ; Average Processors Used ; Peak Virtual Memory ; Total CPU Time (on all processors) ;
+---------------------------+--------------+-------------------------+---------------------+------------------------------------+
; Analysis & Synthesis      ; 00:00:40     ; 1.0                     ; 4770 MB             ; 00:00:39                           ;
; Fitter                    ; 00:00:22     ; 1.0                     ; 4986 MB             ; 00:00:21                           ;
; Assembler                 ; 00:00:03     ; 1.0                     ; 4579 MB             ; 00:00:02                           ;
; TimeQuest Timing Analyzer ; 00:00:05     ; 1.0                     ; 4695 MB             ; 00:00:05                           ;
; Total                     ; 00:01:10     ; --                      ; --                  ; 00:01:07                           ;
+---------------------------+--------------+-------------------------+---------------------+------------------------------------+


+----------------------------------------------------------------------------------------+
; Flow OS Summary                                                                        ;
+---------------------------+------------------+-----------+------------+----------------+
; Module Name               ; Machine Hostname ; OS Name   ; OS Version ; Processor type ;
+---------------------------+------------------+-----------+------------+----------------+
; Analysis & Synthesis      ; PC_d_aurelien    ; Windows 7 ; 6.1        ; x86_64         ;
; Fitter                    ; PC_d_aurelien    ; Windows 7 ; 6.1        ; x86_64         ;
; Assembler                 ; PC_d_aurelien    ; Windows 7 ; 6.1        ; x86_64         ;
; TimeQuest Timing Analyzer ; PC_d_aurelien    ; Windows 7 ; 6.1        ; x86_64         ;
+---------------------------+------------------+-----------+------------+----------------+


------------
; Flow Log ;
------------
quartus_map --read_settings_files=on --write_settings_files=off lights -c lights
quartus_fit --read_settings_files=off --write_settings_files=off lights -c lights
quartus_asm --read_settings_files=off --write_settings_files=off lights -c lights
quartus_sta lights -c lights



