Info: Starting: Create block symbol file (.bsf)
Info: ip-generate --project-directory=C:/projet_quartus/github_fonctionne/V1_VHDL/v1/v1/ --output-directory=C:/projet_quartus/github_fonctionne/V1_VHDL/v1/v1/v1/ --report-file=bsf:C:/projet_quartus/github_fonctionne/V1_VHDL/v1/v1/v1.bsf --system-info=DEVICE_FAMILY="Cyclone IV E" --system-info=DEVICE=EP4CE22F17C6 --system-info=DEVICE_SPEEDGRADE=6 --component-file=C:/projet_quartus/github_fonctionne/V1_VHDL/v1/v1/v1.qsys
Progress: Loading v1/v1.qsys
Progress: Reading input file
Progress: Adding clk_0 [clock_source 13.0]
Progress: Parameterizing module clk_0
Progress: Adding CPU [altera_nios2_qsys 13.0]
Progress: Parameterizing module CPU
Progress: Adding MEMOIRE [altera_avalon_onchip_memory2 13.0.1.99.2]
Progress: Parameterizing module MEMOIRE
Progress: Adding SW [altera_avalon_pio 13.0.1.99.2]
Progress: Parameterizing module SW
Progress: Adding LED [altera_avalon_pio 13.0.1.99.2]
Progress: Parameterizing module LED
Progress: Adding JTAG [altera_avalon_jtag_uart 13.0.1.99.2]
Progress: Parameterizing module JTAG
Progress: Adding SDRAM [altera_avalon_new_sdram_controller 13.0.1.99.2]
Progress: Parameterizing module SDRAM
Progress: Adding clocks [altera_up_clocks 13.0]
Progress: Parameterizing module clocks
Progress: Adding pwm_avalon_interface_0 [pwm_avalon_interface 1.0]
Progress: Parameterizing module pwm_avalon_interface_0
Progress: Building connections
Progress: Parameterizing connections
Progress: Validating
Progress: Done reading input file
Info: v1.SW: PIO inputs are not hardwired in test bench. Undefined values will be read from PIO inputs during simulation.
Info: ip-generate succeeded.
Info: Finished: Create block symbol file (.bsf)
Info: 
Info: Starting: Create HDL design files for synthesis
Info: ip-generate --project-directory=C:/projet_quartus/github_fonctionne/V1_VHDL/v1/v1/ --output-directory=C:/projet_quartus/github_fonctionne/V1_VHDL/v1/v1/v1/synthesis/ --file-set=QUARTUS_SYNTH --report-file=sopcinfo:C:/projet_quartus/github_fonctionne/V1_VHDL/v1/v1/v1.sopcinfo --report-file=html:C:/projet_quartus/github_fonctionne/V1_VHDL/v1/v1/v1.html --report-file=qip:C:/projet_quartus/github_fonctionne/V1_VHDL/v1/v1/v1/synthesis/v1.qip --report-file=cmp:C:/projet_quartus/github_fonctionne/V1_VHDL/v1/v1/v1.cmp --report-file=svd --system-info=DEVICE_FAMILY="Cyclone IV E" --system-info=DEVICE=EP4CE22F17C6 --system-info=DEVICE_SPEEDGRADE=6 --component-file=C:/projet_quartus/github_fonctionne/V1_VHDL/v1/v1/v1.qsys --language=VHDL
Progress: Loading v1/v1.qsys
Progress: Reading input file
Progress: Adding clk_0 [clock_source 13.0]
Progress: Parameterizing module clk_0
Progress: Adding CPU [altera_nios2_qsys 13.0]
Progress: Parameterizing module CPU
Progress: Adding MEMOIRE [altera_avalon_onchip_memory2 13.0.1.99.2]
Progress: Parameterizing module MEMOIRE
Progress: Adding SW [altera_avalon_pio 13.0.1.99.2]
Progress: Parameterizing module SW
Progress: Adding LED [altera_avalon_pio 13.0.1.99.2]
Progress: Parameterizing module LED
Progress: Adding JTAG [altera_avalon_jtag_uart 13.0.1.99.2]
Progress: Parameterizing module JTAG
Progress: Adding SDRAM [altera_avalon_new_sdram_controller 13.0.1.99.2]
Progress: Parameterizing module SDRAM
Progress: Adding clocks [altera_up_clocks 13.0]
Progress: Parameterizing module clocks
Progress: Adding pwm_avalon_interface_0 [pwm_avalon_interface 1.0]
Progress: Parameterizing module pwm_avalon_interface_0
Progress: Building connections
Progress: Parameterizing connections
Progress: Validating
Progress: Done reading input file
Info: v1.SW: PIO inputs are not hardwired in test bench. Undefined values will be read from PIO inputs during simulation.
Info: v1: Generating v1 "v1" for QUARTUS_SYNTH
Info: pipeline_bridge_swap_transform: After transform: 9 modules, 33 connections
Info: No custom instruction connections, skipping transform 
Error: pwm_avalon_interface_0_avalon_slave_0_translator.avalon_anti_slave_0: Cannot connect pwm_avalon_interface_0_avalon_slave_0_translator.reset because pwm_avalon_interface_0.reset_sink is not connected 
Info: merlin_translator_transform: After transform: 18 modules, 67 connections
Info: merlin_domain_transform: After transform: 37 modules, 188 connections
Info: merlin_router_transform: After transform: 46 modules, 224 connections
Info: merlin_burst_transform: After transform: 47 modules, 228 connections
Info: reset_adaptation_transform: After transform: 49 modules, 182 connections
Info: merlin_network_to_switch_transform: After transform: 66 modules, 220 connections
Info: merlin_width_transform: After transform: 68 modules, 226 connections
Info: Inserting clock-crossing logic between cmd_xbar_demux_001.src6 and cmd_xbar_mux_006.sink0
Info: Inserting clock-crossing logic between rsp_xbar_demux_006.src0 and rsp_xbar_mux_001.sink6
Info: com_altera_sopcmodel_transforms_avalon_ClockCrossingTransform: After transform: 70 modules, 236 connections
Info: merlin_mm_transform: After transform: 70 modules, 236 connections
Info: merlin_interrupt_mapper_transform: After transform: 71 modules, 239 connections
Warning: v1: "No matching role found for rst_controller:reset_out:reset_req (reset_req)"
Warning: v1: "No matching role found for rst_controller:reset_out:reset_req (reset_req)"
Warning: v1: "No matching role found for rst_controller:reset_out:reset_req (reset_req)"
Warning: v1: "No matching role found for rst_controller:reset_out:reset_req (reset_req)"
Warning: v1: "No matching role found for rst_controller:reset_out:reset_req (reset_req)"
Warning: v1: "No matching role found for rst_controller:reset_out:reset_req (reset_req)"
Warning: v1: "No matching role found for rst_controller:reset_out:reset_req (reset_req)"
Warning: v1: "No matching role found for rst_controller:reset_out:reset_req (reset_req)"
Warning: v1: "No matching role found for rst_controller:reset_out:reset_req (reset_req)"
Warning: v1: "No matching role found for rst_controller:reset_out:reset_req (reset_req)"
Warning: v1: "No matching role found for rst_controller:reset_out:reset_req (reset_req)"
Warning: v1: "No matching role found for rst_controller:reset_out:reset_req (reset_req)"
Warning: v1: "No matching role found for rst_controller:reset_out:reset_req (reset_req)"
Warning: v1: "No matching role found for rst_controller:reset_out:reset_req (reset_req)"
Warning: v1: "No matching role found for rst_controller:reset_out:reset_req (reset_req)"
Warning: v1: "No matching role found for rst_controller:reset_out:reset_req (reset_req)"
Warning: v1: "No matching role found for rst_controller:reset_out:reset_req (reset_req)"
Warning: v1: "No matching role found for rst_controller:reset_out:reset_req (reset_req)"
Warning: v1: "No matching role found for rst_controller:reset_out:reset_req (reset_req)"
Warning: v1: "No matching role found for rst_controller:reset_out:reset_req (reset_req)"
Warning: v1: "No matching role found for rst_controller:reset_out:reset_req (reset_req)"
Warning: v1: "No matching role found for rst_controller:reset_out:reset_req (reset_req)"
Warning: v1: "No matching role found for rst_controller:reset_out:reset_req (reset_req)"
Warning: v1: "No matching role found for rst_controller:reset_out:reset_req (reset_req)"
Warning: v1: "No matching role found for rst_controller:reset_out:reset_req (reset_req)"
Warning: v1: "No matching role found for rst_controller:reset_out:reset_req (reset_req)"
Warning: v1: "No matching role found for rst_controller:reset_out:reset_req (reset_req)"
Warning: v1: "No matching role found for rst_controller:reset_out:reset_req (reset_req)"
Warning: v1: "No matching role found for rst_controller:reset_out:reset_req (reset_req)"
Warning: v1: "No matching role found for rst_controller:reset_out:reset_req (reset_req)"
Warning: v1: "No matching role found for rst_controller:reset_out:reset_req (reset_req)"
Warning: v1: "No matching role found for rst_controller:reset_out:reset_req (reset_req)"
Warning: v1: "No matching role found for rst_controller:reset_out:reset_req (reset_req)"
Warning: v1: "No matching role found for rst_controller:reset_out:reset_req (reset_req)"
Warning: v1: "No matching role found for rst_controller:reset_out:reset_req (reset_req)"
Warning: v1: "No matching role found for rst_controller:reset_out:reset_req (reset_req)"
Warning: v1: "No matching role found for rst_controller:reset_out:reset_req (reset_req)"
Warning: v1: "No matching role found for rst_controller:reset_out:reset_req (reset_req)"
Warning: v1: "No matching role found for rst_controller:reset_out:reset_req (reset_req)"
Warning: v1: "No matching role found for rst_controller:reset_out:reset_req (reset_req)"
Warning: v1: "No matching role found for rst_controller:reset_out:reset_req (reset_req)"
Warning: v1: "No matching role found for rst_controller:reset_out:reset_req (reset_req)"
Warning: v1: "No matching role found for rst_controller:reset_out:reset_req (reset_req)"
Warning: v1: "No matching role found for rst_controller:reset_out:reset_req (reset_req)"
Warning: v1: "No matching role found for rst_controller:reset_out:reset_req (reset_req)"
Warning: v1: "No matching role found for rst_controller:reset_out:reset_req (reset_req)"
Warning: v1: "No matching role found for rst_controller:reset_out:reset_req (reset_req)"
Warning: v1: "No matching role found for rst_controller:reset_out:reset_req (reset_req)"
Warning: v1: "No matching role found for rst_controller:reset_out:reset_req (reset_req)"
Warning: v1: "No matching role found for rst_controller:reset_out:reset_req (reset_req)"
Warning: v1: "No matching role found for rst_controller:reset_out:reset_req (reset_req)"
Warning: v1: "No matching role found for rst_controller:reset_out:reset_req (reset_req)"
Warning: v1: "No matching role found for rst_controller:reset_out:reset_req (reset_req)"
Warning: v1: "No matching role found for rst_controller:reset_out:reset_req (reset_req)"
Warning: v1: "No matching role found for rst_controller:reset_out:reset_req (reset_req)"
Warning: v1: "No matching role found for rst_controller:reset_out:reset_req (reset_req)"
Warning: v1: "No matching role found for rst_controller:reset_out:reset_req (reset_req)"
Warning: v1: "No matching role found for rst_controller:reset_out:reset_req (reset_req)"
Error: Generation stopped, 85 or more modules remaining
Info: v1: Done v1" with 31 modules, 20 files, 717640 bytes
Error: ip-generate failed with exit code 1: 2 Errors, 58 Warnings
Info: Finished: Create HDL design files for synthesis
